{"FOO":"bar","PASSWORD":"***password***","TOKEN":"***token***"}