metadata:
    version: v1
header:
    name: External dependencies
    version: 1.16.0
autopilots:
    dummy-autopilot:
        run: |
            echo "{\"status\":\"GREEN\"}"
finalize:
    run: |
        html-finalizer
        zip-finalizer
chapters:
    "1":
        title: Title
        requirements:
            "1.1":
                title: Title
                text: Text
                checks:
                    "1.1":
                        title: Title
                        automation:
                            autopilot: dummy-autopilot
            "1.2":
                title: Title
                text: Text
                checks:
                    "1":
                        title: Title_check
                        manual:
                            status: GREEN
                            reason: Apes
            "1.3":
                title: Title
                text: Text
                checks:
                    "1":
                        title: Title_check
                        manual:
                            status: UNANSWERED
                            reason: Apes
            "1.4":
                title: Title
                text: Text
                checks:
                    "1":
                        title: Title_check
                        manual:
                            status: UNANSWERED
                            reason: Not answered
